2025-04-02 08:32:14 - INFO - Start execution in sa-east-1 Nodes=1 Benchmark=ep.D.x Allocation Strategy=lowest-price
2025-04-02 08:32:14 - ERROR - Error creating fleet in region sa-east-1: An error occurred (InvalidLaunchTemplateName.NotFoundException) when calling the CreateFleet operation: The specified launch template, with template name Spotfleet_Launch, does not exist.
2025-04-02 08:32:14 - ERROR - Falha ao iniciar instâncias.
2025-04-02 08:34:51 - INFO - Start execution in sa-east-1 Nodes=1 Benchmark=ep.D.x Allocation Strategy=lowest-price
2025-04-02 08:34:53 - INFO - Fleet created with instances: ['i-0eef9310418d7eca9']
2025-04-02 08:35:08 - INFO - Instâncias iniciadas: [ec2.Instance(id='i-0eef9310418d7eca9')]
2025-04-02 08:35:09 - INFO - Binding threads in cores, instance have 4 cores
2025-04-02 08:35:09 - INFO - Running command: export OMP_PLACES=cores;export OMP_PROC_BIND=spread;export OMP_NUM_THREADS=4;./ep.D.x in instance i-0eef9310418d7eca9 Region: sa-east-1 Market: spot
2025-04-02 08:35:13 - INFO - Updating file: results_sa-east-1.csv
2025-04-02 08:39:30 - INFO - Start execution in sa-east-1 Nodes=1 Benchmark=ep.D.x Allocation Strategy=lowest-price
2025-04-02 08:39:33 - INFO - Fleet created with instances: ['i-0fba26f61838b4730']
2025-04-02 08:39:48 - INFO - Instâncias iniciadas: [ec2.Instance(id='i-0fba26f61838b4730')]
2025-04-02 08:39:49 - INFO - Binding threads in cores, instance have 4 cores
2025-04-02 08:39:49 - INFO - Running command: export OMP_PLACES=cores;export OMP_PROC_BIND=spread;export OMP_NUM_THREADS=4;./ep.D.x in instance i-0fba26f61838b4730 Region: sa-east-1 Market: spot
2025-04-02 08:39:49 - INFO - Connected (version 2.0, client OpenSSH_9.6p1)
2025-04-02 08:39:50 - INFO - Authentication (publickey) successful!
2025-04-02 08:44:44 - INFO - Updating file: results_sa-east-1.csv
2025-04-02 08:45:16 - INFO - Instance i-0fba26f61838b4730 has been terminated.
2025-04-02 08:45:46 - INFO - Start execution in sa-east-1 Nodes=1 Benchmark=ep.A.x Allocation Strategy=lowest-price
2025-04-02 08:45:48 - INFO - Fleet created with instances: ['i-0cf5b92bfbaf6ceeb']
2025-04-02 08:46:04 - INFO - Instâncias iniciadas: [ec2.Instance(id='i-0cf5b92bfbaf6ceeb')]
2025-04-02 08:46:05 - INFO - Binding threads in cores, instance have 4 cores
2025-04-02 08:46:05 - INFO - Running command: export OMP_PLACES=cores;export OMP_PROC_BIND=spread;export OMP_NUM_THREADS=4;./ep.D.x in instance i-0cf5b92bfbaf6ceeb Region: sa-east-1 Market: spot
2025-04-02 08:46:05 - INFO - Connected (version 2.0, client OpenSSH_9.6p1)
2025-04-02 08:46:05 - INFO - Authentication (publickey) successful!
2025-04-02 08:50:39 - INFO - Updating file: results_sa-east-1.csv
2025-04-02 08:51:41 - INFO - Instance i-0cf5b92bfbaf6ceeb has been terminated.
2025-04-02 08:51:48 - INFO - Start execution in sa-east-1 Nodes=1 Benchmark=ep.A.x Allocation Strategy=lowest-price
2025-04-02 08:51:50 - INFO - Fleet created with instances: ['i-040437b930640c9c6']
2025-04-02 08:52:06 - INFO - Instâncias iniciadas: [ec2.Instance(id='i-040437b930640c9c6')]
2025-04-02 08:52:07 - INFO - Binding threads in cores, instance have 4 cores
2025-04-02 08:52:07 - INFO - Running command: export OMP_PLACES=cores;export OMP_PROC_BIND=spread;export OMP_NUM_THREADS=4;./ep.A.x in instance i-040437b930640c9c6 Region: sa-east-1 Market: spot
2025-04-02 08:52:07 - INFO - Connected (version 2.0, client OpenSSH_9.6p1)
2025-04-02 08:52:07 - INFO - Authentication (publickey) successful!
2025-04-02 08:52:09 - INFO - Updating file: results_sa-east-1.csv
2025-04-02 08:52:40 - INFO - Instance i-040437b930640c9c6 has been terminated.
