2025-04-01 22:34:43 - INFO - Start execution in us-east-1 N=1 JsonFile=instance_infosa.json
2025-04-01 22:34:46 - INFO - Fleet created with instances: ['i-013d5daa5dafcc6c9']
2025-04-01 22:34:46 - INFO - Instâncias iniciadas: [('i-013d5daa5dafcc6c9', 'c5a.2xlarge')]
2025-04-01 22:34:53 - INFO - Binding threads in coresa, instance have 4 cores
2025-04-01 22:34:53 - INFO - Updating file: results_us-east-1.csv
2025-04-01 22:35:25 - INFO - Start execution in us-east-1 N=1 JsonFile=instance_infosa.json
2025-04-01 22:35:28 - INFO - Fleet created with instances: ['i-01c27a525334789c5']
2025-04-01 22:35:28 - INFO - Instâncias iniciadas: [('i-01c27a525334789c5', 'c5a.2xlarge')]
2025-04-01 22:35:35 - INFO - Binding threads in coresa, instance have 4 cores
2025-04-01 22:35:35 - INFO - Updating file: results_us-east-1.csv
2025-04-01 22:38:11 - INFO - Start execution in us-east-1 N=1 JsonFile=instance_infosa.json
2025-04-01 22:38:14 - INFO - Fleet created with instances: ['i-02d1aed0c465f7996']
2025-04-01 22:38:15 - INFO - Instâncias iniciadas: [ec2.Instance(id='i-02d1aed0c465f7996')]
2025-04-01 22:38:51 - INFO - Start execution in us-east-1 N=1 JsonFile=instance_infosa.json
2025-04-01 22:38:53 - INFO - Fleet created with instances: ['i-0169aea63ffe498d2']
2025-04-01 22:38:54 - INFO - Instâncias iniciadas: [ec2.Instance(id='i-0169aea63ffe498d2')]
2025-04-01 22:39:01 - INFO - Binding threads in cores, instance have 4 cores
2025-04-01 22:39:01 - INFO - Running command: export OMP_PLACES=cores;export OMP_PROC_BIND=spread;export OMP_NUM_THREADS=4;./ep.A.x in instance i-0169aea63ffe498d2 Region: us-east-1 Market: spot
2025-04-01 22:39:03 - INFO - Updating file: results_us-east-1.csv
2025-04-01 22:39:50 - INFO - Start execution in us-east-1 N=1 JsonFile=instance_infosa.json
2025-04-01 22:39:52 - INFO - Fleet created with instances: ['i-0b4e332bc760175b1']
2025-04-01 22:39:53 - INFO - Instâncias iniciadas: [ec2.Instance(id='i-0b4e332bc760175b1')]
2025-04-01 22:40:00 - INFO - Binding threads in cores, instance have 4 cores
2025-04-01 22:40:00 - INFO - Running command: export OMP_PLACES=cores;export OMP_PROC_BIND=spread;export OMP_NUM_THREADS=4;./ep.A.x in instance i-0b4e332bc760175b1 Region: us-east-1 Market: spot
2025-04-01 22:42:04 - INFO - Start execution in us-east-1 N=1 JsonFile=instance_infosa.json
2025-04-01 22:42:06 - INFO - Fleet created with instances: ['i-0f696fc6c2fc99d32']
2025-04-01 22:42:07 - INFO - Instâncias iniciadas: [ec2.Instance(id='i-0f696fc6c2fc99d32')]
2025-04-01 22:42:24 - INFO - Binding threads in cores, instance have 4 cores
2025-04-01 22:42:24 - INFO - Running command: export OMP_PLACES=cores;export OMP_PROC_BIND=spread;export OMP_NUM_THREADS=4;./ep.A.x in instance i-0f696fc6c2fc99d32 Region: us-east-1 Market: spot
2025-04-01 22:42:24 - INFO - Connected (version 2.0, client OpenSSH_9.6p1)
2025-04-01 22:42:25 - INFO - Authentication (publickey) successful!
2025-04-01 22:42:28 - INFO - Updating file: results_us-east-1.csv
2025-04-01 23:26:50 - INFO - Start execution in us-east-1 N=1 JsonFile=instance_infosa.json
2025-04-01 23:26:52 - INFO - Fleet created with instances: ['i-06350a88405ffe6a2']
2025-04-01 23:27:09 - INFO - Instâncias iniciadas: [ec2.Instance(id='i-06350a88405ffe6a2')]
2025-04-01 23:27:11 - INFO - Binding threads in cores, instance have 4 cores
2025-04-01 23:27:11 - INFO - Running command: export OMP_PLACES=cores;export OMP_PROC_BIND=spread;export OMP_NUM_THREADS=4;./ep.B.x in instance i-06350a88405ffe6a2 Region: us-east-1 Market: spot
2025-04-01 23:27:11 - INFO - Connected (version 2.0, client OpenSSH_9.6p1)
2025-04-01 23:27:12 - INFO - Authentication (publickey) successful!
2025-04-01 23:27:19 - INFO - Updating file: results_us-east-1.csv
2025-04-01 23:28:06 - INFO - Instance i-06350a88405ffe6a2 has been terminated.
2025-04-01 23:28:25 - INFO - Start execution in us-east-1 N=1 JsonFile=instance_infosa.json
2025-04-01 23:28:28 - INFO - Fleet created with instances: ['i-07bf41959c043d0ce']
2025-04-01 23:28:44 - INFO - Instâncias iniciadas: [ec2.Instance(id='i-07bf41959c043d0ce')]
2025-04-01 23:28:46 - INFO - Binding threads in cores, instance have 4 cores
2025-04-01 23:28:46 - INFO - Running command: export OMP_PLACES=cores;export OMP_PROC_BIND=spread;export OMP_NUM_THREADS=4;./ep.D.x in instance i-07bf41959c043d0ce Region: us-east-1 Market: spot
2025-04-01 23:28:47 - INFO - Connected (version 2.0, client OpenSSH_9.6p1)
2025-04-01 23:28:47 - INFO - Authentication (publickey) successful!
2025-04-01 23:34:53 - INFO - Updating file: results_us-east-1.csv
2025-04-01 23:35:26 - INFO - Instance i-07bf41959c043d0ce has been terminated.
2025-04-02 08:16:55 - INFO - Start execution in us-east-1 Nodes=1 Benchmark=ep.D.x Allocation Strategy=lowest-price
2025-04-02 08:18:27 - INFO - Start execution in us-east-1 Nodes=1 Benchmark=ep.D.x Allocation Strategy=lowest-price
2025-04-02 08:18:30 - INFO - Fleet created with instances: ['i-0624d04aff918e608']
2025-04-02 08:18:47 - INFO - Instâncias iniciadas: [ec2.Instance(id='i-0624d04aff918e608')]
2025-04-02 08:18:49 - INFO - Binding threads in cores, instance have 4 cores
2025-04-02 08:18:49 - INFO - Running command: export OMP_PLACES=cores;export OMP_PROC_BIND=spread;export OMP_NUM_THREADS=4;./ep.D.x in instance i-0624d04aff918e608 Region: us-east-1 Market: spot
2025-04-02 08:18:50 - INFO - Connected (version 2.0, client OpenSSH_9.6p1)
2025-04-02 08:18:51 - INFO - Authentication (publickey) successful!
2025-04-02 08:24:57 - INFO - Updating file: results_us-east-1.csv
2025-04-02 08:25:45 - INFO - Instance i-0624d04aff918e608 has been terminated.
